Archive member included to satisfy reference by file (symbol)

C:/ST/STM32CubeIDE_1.14.1/STM32CubeIDE/plugins/com.st.stm32cube.ide.mcu.externaltools.gnu-tools-for-stm32.11.3.rel1.win32_1.1.100.202309141235/tools/bin/../lib/gcc/arm-none-eabi/11.3.1/../../../../arm-none-eabi/lib/thumb/v7-m/nofp\libc_nano.a(libc_a-exit.o)
                              C:/ST/STM32CubeIDE_1.14.1/STM32CubeIDE/plugins/com.st.stm32cube.ide.mcu.externaltools.gnu-tools-for-stm32.11.3.rel1.win32_1.1.100.202309141235/tools/bin/../lib/gcc/arm-none-eabi/11.3.1/../../../../arm-none-eabi/lib/thumb/v7-m/nofp/crt0.o (exit)
C:/ST/STM32CubeIDE_1.14.1/STM32CubeIDE/plugins/com.st.stm32cube.ide.mcu.externaltools.gnu-tools-for-stm32.11.3.rel1.win32_1.1.100.202309141235/tools/bin/../lib/gcc/arm-none-eabi/11.3.1/../../../../arm-none-eabi/lib/thumb/v7-m/nofp\libc_nano.a(libc_a-findfp.o)
                              C:/ST/STM32CubeIDE_1.14.1/STM32CubeIDE/plugins/com.st.stm32cube.ide.mcu.externaltools.gnu-tools-for-stm32.11.3.rel1.win32_1.1.100.202309141235/tools/bin/../lib/gcc/arm-none-eabi/11.3.1/../../../../arm-none-eabi/lib/thumb/v7-m/nofp\libc_nano.a(libc_a-exit.o) (__stdio_exit_handler)
C:/ST/STM32CubeIDE_1.14.1/STM32CubeIDE/plugins/com.st.stm32cube.ide.mcu.externaltools.gnu-tools-for-stm32.11.3.rel1.win32_1.1.100.202309141235/tools/bin/../lib/gcc/arm-none-eabi/11.3.1/../../../../arm-none-eabi/lib/thumb/v7-m/nofp\libc_nano.a(libc_a-fwalk.o)
                              C:/ST/STM32CubeIDE_1.14.1/STM32CubeIDE/plugins/com.st.stm32cube.ide.mcu.externaltools.gnu-tools-for-stm32.11.3.rel1.win32_1.1.100.202309141235/tools/bin/../lib/gcc/arm-none-eabi/11.3.1/../../../../arm-none-eabi/lib/thumb/v7-m/nofp\libc_nano.a(libc_a-findfp.o) (_fwalk_sglue)
C:/ST/STM32CubeIDE_1.14.1/STM32CubeIDE/plugins/com.st.stm32cube.ide.mcu.externaltools.gnu-tools-for-stm32.11.3.rel1.win32_1.1.100.202309141235/tools/bin/../lib/gcc/arm-none-eabi/11.3.1/../../../../arm-none-eabi/lib/thumb/v7-m/nofp\libc_nano.a(libc_a-stdio.o)
                              C:/ST/STM32CubeIDE_1.14.1/STM32CubeIDE/plugins/com.st.stm32cube.ide.mcu.externaltools.gnu-tools-for-stm32.11.3.rel1.win32_1.1.100.202309141235/tools/bin/../lib/gcc/arm-none-eabi/11.3.1/../../../../arm-none-eabi/lib/thumb/v7-m/nofp\libc_nano.a(libc_a-findfp.o) (__sread)
C:/ST/STM32CubeIDE_1.14.1/STM32CubeIDE/plugins/com.st.stm32cube.ide.mcu.externaltools.gnu-tools-for-stm32.11.3.rel1.win32_1.1.100.202309141235/tools/bin/../lib/gcc/arm-none-eabi/11.3.1/../../../../arm-none-eabi/lib/thumb/v7-m/nofp\libc_nano.a(libc_a-memset.o)
                              C:/ST/STM32CubeIDE_1.14.1/STM32CubeIDE/plugins/com.st.stm32cube.ide.mcu.externaltools.gnu-tools-for-stm32.11.3.rel1.win32_1.1.100.202309141235/tools/bin/../lib/gcc/arm-none-eabi/11.3.1/../../../../arm-none-eabi/lib/thumb/v7-m/nofp/crt0.o (memset)
C:/ST/STM32CubeIDE_1.14.1/STM32CubeIDE/plugins/com.st.stm32cube.ide.mcu.externaltools.gnu-tools-for-stm32.11.3.rel1.win32_1.1.100.202309141235/tools/bin/../lib/gcc/arm-none-eabi/11.3.1/../../../../arm-none-eabi/lib/thumb/v7-m/nofp\libc_nano.a(libc_a-closer.o)
                              C:/ST/STM32CubeIDE_1.14.1/STM32CubeIDE/plugins/com.st.stm32cube.ide.mcu.externaltools.gnu-tools-for-stm32.11.3.rel1.win32_1.1.100.202309141235/tools/bin/../lib/gcc/arm-none-eabi/11.3.1/../../../../arm-none-eabi/lib/thumb/v7-m/nofp\libc_nano.a(libc_a-stdio.o) (_close_r)
C:/ST/STM32CubeIDE_1.14.1/STM32CubeIDE/plugins/com.st.stm32cube.ide.mcu.externaltools.gnu-tools-for-stm32.11.3.rel1.win32_1.1.100.202309141235/tools/bin/../lib/gcc/arm-none-eabi/11.3.1/../../../../arm-none-eabi/lib/thumb/v7-m/nofp\libc_nano.a(libc_a-reent.o)
                              C:/ST/STM32CubeIDE_1.14.1/STM32CubeIDE/plugins/com.st.stm32cube.ide.mcu.externaltools.gnu-tools-for-stm32.11.3.rel1.win32_1.1.100.202309141235/tools/bin/../lib/gcc/arm-none-eabi/11.3.1/../../../../arm-none-eabi/lib/thumb/v7-m/nofp\libc_nano.a(libc_a-closer.o) (errno)
C:/ST/STM32CubeIDE_1.14.1/STM32CubeIDE/plugins/com.st.stm32cube.ide.mcu.externaltools.gnu-tools-for-stm32.11.3.rel1.win32_1.1.100.202309141235/tools/bin/../lib/gcc/arm-none-eabi/11.3.1/../../../../arm-none-eabi/lib/thumb/v7-m/nofp\libc_nano.a(libc_a-impure.o)
                              C:/ST/STM32CubeIDE_1.14.1/STM32CubeIDE/plugins/com.st.stm32cube.ide.mcu.externaltools.gnu-tools-for-stm32.11.3.rel1.win32_1.1.100.202309141235/tools/bin/../lib/gcc/arm-none-eabi/11.3.1/../../../../arm-none-eabi/lib/thumb/v7-m/nofp\libc_nano.a(libc_a-reent.o) (_impure_ptr)
C:/ST/STM32CubeIDE_1.14.1/STM32CubeIDE/plugins/com.st.stm32cube.ide.mcu.externaltools.gnu-tools-for-stm32.11.3.rel1.win32_1.1.100.202309141235/tools/bin/../lib/gcc/arm-none-eabi/11.3.1/../../../../arm-none-eabi/lib/thumb/v7-m/nofp\libc_nano.a(libc_a-lseekr.o)
[...]
Memory Configuration

Name             Origin             Length             Attributes
RAM              0x0000000020000000 0x0000000000005000 xrw
FLASH            0x0000000008000000 0x0000000000010000 xr
*default*        0x0000000000000000 0xffffffffffffffff

Linker script and memory map

LOAD C:/ST/STM32CubeIDE_1.14.1/STM32CubeIDE/plugins/com.st.stm32cube.ide.mcu.externaltools.gnu-tools-for-stm32.11.3.rel1.win32_1.1.100.202309141235/tools/bin/../lib/gcc/arm-none-eabi/11.3.1/thumb/v7-m/nofp/crti.o
LOAD C:/ST/STM32CubeIDE_1.14.1/STM32CubeIDE/plugins/com.st.stm32cube.ide.mcu.externaltools.gnu-tools-for-stm32.11.3.rel1.win32_1.1.100.202309141235/tools/bin/../lib/gcc/arm-none-eabi/11.3.1/thumb/v7-m/nofp/crtbegin.o
LOAD C:/ST/STM32CubeIDE_1.14.1/STM32CubeIDE/plugins/com.st.stm32cube.ide.mcu.externaltools.gnu-tools-for-stm32.11.3.rel1.win32_1.1.100.202309141235/tools/bin/../lib/gcc/arm-none-eabi/11.3.1/../../../../arm-none-eabi/lib/thumb/v7-m/nofp/crt0.o
LOAD ./Core/Src/freertos.o
LOAD ./Core/Src/main.o
LOAD ./Core/Src/stm32f1xx_hal_msp.o
LOAD ./Core/Src/stm32f1xx_it.o
LOAD ./Core/Src/syscalls.o
LOAD ./Core/Src/sysmem.o
LOAD ./Core/Src/system_stm32f1xx.o
LOAD ./Core/Startup/startup_stm32f103c8tx.o
LOAD ./Drivers/STM32F1xx_HAL_Driver/Src/stm32f1xx_hal.o
LOAD ./Drivers/STM32F1xx_HAL_Driver/Src/stm32f1xx_hal_cortex.o
LOAD ./Drivers/STM32F1xx_HAL_Driver/Src/stm32f1xx_hal_dma.o
LOAD ./Drivers/STM32F1xx_HAL_Driver/Src/stm32f1xx_hal_exti.o
LOAD ./Drivers/STM32F1xx_HAL_Driver/Src/stm32f1xx_hal_flash.o
LOAD ./Drivers/STM32F1xx_HAL_Driver/Src/stm32f1xx_hal_flash_ex.o
LOAD ./Drivers/STM32F1xx_HAL_Driver/Src/stm32f1xx_hal_gpio.o
LOAD ./Drivers/STM32F1xx_HAL_Driver/Src/stm32f1xx_hal_gpio_ex.o
LOAD ./Drivers/STM32F1xx_HAL_Driver/Src/stm32f1xx_hal_pwr.o
LOAD ./Drivers/STM32F1xx_HAL_Driver/Src/stm32f1xx_hal_rcc.o
LOAD ./Drivers/STM32F1xx_HAL_Driver/Src/stm32f1xx_hal_rcc_ex.o
LOAD ./Drivers/STM32F1xx_HAL_Driver/Src/stm32f1xx_hal_tim.o
LOAD ./Drivers/STM32F1xx_HAL_Driver/Src/stm32f1xx_hal_tim_ex.o
LOAD ./Middlewares/Third_Party/FreeRTOS/Source/CMSIS_RTOS/cmsis_os.o
LOAD ./Middlewares/Third_Party/FreeRTOS/Source/croutine.o
LOAD ./Middlewares/Third_Party/FreeRTOS/Source/event_groups.o
LOAD ./Middlewares/Third_Party/FreeRTOS/Source/list.o
LOAD ./Middlewares/Third_Party/FreeRTOS/Source/queue.o
LOAD ./Middlewares/Third_Party/FreeRTOS/Source/stream_buffer.o
LOAD ./Middlewares/Third_Party/FreeRTOS/Source/tasks.o
LOAD ./Middlewares/Third_Party/FreeRTOS/Source/timers.o
LOAD ./Middlewares/Third_Party/FreeRTOS/Source/portable/GCC/ARM_CM3/port.o
LOAD ./Middlewares/Third_Party/FreeRTOS/Source/portable/MemMang/heap_4.o
START GROUP
LOAD C:/ST/STM32CubeIDE_1.14.1/STM32CubeIDE/plugins/com.st.stm32cube.ide.mcu.externaltools.gnu-tools-for-stm32.11.3.rel1.win32_1.1.100.202309141235/tools/bin/../lib/gcc/arm-none-eabi/11.3.1/../../../../arm-none-eabi/lib/thumb/v7-m/nofp\libc_nano.a
LOAD C:/ST/STM32CubeIDE_1.14.1/STM32CubeIDE/plugins/com.st.stm32cube.ide.mcu.externaltools.gnu-tools-for-stm32.11.3.rel1.win32_1.1.100.202309141235/tools/bin/../lib/gcc/arm-none-eabi/11.3.1/../../../../arm-none-eabi/lib/thumb/v7-m/nofp\libm.a
END GROUP
START GROUP
LOAD C:/ST/STM32CubeIDE_1.14.1/STM32CubeIDE/plugins/com.st.stm32cube.ide.mcu.externaltools.gnu-tools-for-stm32.11.3.rel1.win32_1.1.100.202309141235/tools/bin/../lib/gcc/arm-none-eabi/11.3.1/thumb/v7-m/nofp\libgcc.a
LOAD C:/ST/STM32CubeIDE_1.14.1/STM32CubeIDE/plugins/com.st.stm32cube.ide.mcu.externaltools.gnu-tools-for-stm32.11.3.rel1.win32_1.1.100.202309141235/tools/bin/../lib/gcc/arm-none-eabi/11.3.1/../../../../arm-none-eabi/lib/thumb/v7-m/nofp\libc_nano.a
END GROUP
START GROUP
LOAD C:/ST/STM32CubeIDE_1.14.1/STM32CubeIDE/plugins/com.st.stm32cube.ide.mcu.externaltools.gnu-tools-for-stm32.11.3.rel1.win32_1.1.100.202309141235/tools/bin/../lib/gcc/arm-none-eabi/11.3.1/thumb/v7-m/nofp\libgcc.a
LOAD C:/ST/STM32CubeIDE_1.14.1/STM32CubeIDE/plugins/com.st.stm32cube.ide.mcu.externaltools.gnu-tools-for-stm32.11.3.rel1.win32_1.1.100.202309141235/tools/bin/../lib/gcc/arm-none-eabi/11.3.1/../../../../arm-none-eabi/lib/thumb/v7-m/nofp\libc_nano.a
LOAD C:/ST/STM32CubeIDE_1.14.1/STM32CubeIDE/plugins/com.st.stm32cube.ide.mcu.externaltools.gnu-tools-for-stm32.11.3.rel1.win32_1.1.100.202309141235/tools/bin/../lib/gcc/arm-none-eabi/11.3.1/../../../../arm-none-eabi/lib/thumb/v7-m/nofp\libnosys.a
END GROUP
START GROUP
LOAD C:/ST/STM32CubeIDE_1.14.1/STM32CubeIDE/plugins/com.st.stm32cube.ide.mcu.externaltools.gnu-tools-for-stm32.11.3.rel1.win32_1.1.100.202309141235/tools/bin/../lib/gcc/arm-none-eabi/11.3.1/thumb/v7-m/nofp\libgcc.a
LOAD C:/ST/STM32CubeIDE_1.14.1/STM32CubeIDE/plugins/com.st.stm32cube.ide.mcu.externaltools.gnu-tools-for-stm32.11.3.rel1.win32_1.1.100.202309141235/tools/bin/../lib/gcc/arm-none-eabi/11.3.1/../../../../arm-none-eabi/lib/thumb/v7-m/nofp\libc_nano.a
LOAD C:/ST/STM32CubeIDE_1.14.1/STM32CubeIDE/plugins/com.st.stm32cube.ide.mcu.externaltools.gnu-tools-for-stm32.11.3.rel1.win32_1.1.100.202309141235/tools/bin/../lib/gcc/arm-none-eabi/11.3.1/../../../../arm-none-eabi/lib/thumb/v7-m/nofp\libnosys.a
END GROUP
LOAD C:/ST/STM32CubeIDE_1.14.1/STM32CubeIDE/plugins/com.st.stm32cube.ide.mcu.externaltools.gnu-tools-for-stm32.11.3.rel1.win32_1.1.100.202309141235/tools/bin/../lib/gcc/arm-none-eabi/11.3.1/thumb/v7-m/nofp/crtend.o
LOAD C:/ST/STM32CubeIDE_1.14.1/STM32CubeIDE/plugins/com.st.stm32cube.ide.mcu.externaltools.gnu-tools-for-stm32.11.3.rel1.win32_1.1.100.202309141235/tools/bin/../lib/gcc/arm-none-eabi/11.3.1/thumb/v7-m/nofp/crtn.o
                0x0000000020005000                _estack = (ORIGIN (RAM) + LENGTH (RAM))
                0x0000000000000200                _Min_Heap_Size = 0x200
                0x0000000000000400                _Min_Stack_Size = 0x400

.isr_vector     0x0000000008000000      0x10c
                0x0000000008000000                . = ALIGN (0x4)
 *(.isr_vector)
 .isr_vector    0x0000000008000000      0x10c ./Core/Startup/startup_stm32f103c8tx.o
                0x0000000008000000                g_pfnVectors
                0x000000000800010c                . = ALIGN (0x4)

.text           0x0000000008000110     0x2340
                0x0000000008000110                . = ALIGN (0x4)
 *(.text)
 .text          0x0000000008000110       0x40 C:/ST/STM32CubeIDE_1.14.1/STM32CubeIDE/plugins/com.st.stm32cube.ide.mcu.externaltools.gnu-tools-for-stm32.11.3.rel1.win32_1.1.100.202309141235/tools/bin/../lib/gcc/arm-none-eabi/11.3.1/thumb/v7-m/nofp/crtbegin.o
 .text          0x0000000008000150      0x378 C:/ST/STM32CubeIDE_1.14.1/STM32CubeIDE/plugins/com.st.stm32cube.ide.mcu.externaltools.gnu-tools-for-stm32.11.3.rel1.win32_1.1.100.202309141235/tools/bin/../lib/gcc/arm-none-eabi/11.3.1/thumb/v7-m/nofp\libgcc.a(_arm_addsubdf3.o)
                0x0000000008000150                __aeabi_drsub
                0x0000000008000158                __aeabi_dsub
                0x0000000008000158                __subdf3
                0x000000000800015c                __aeabi_dadd
                0x000000000800015c                __adddf3
                0x00000000080003d4                __floatunsidf
                0x00000000080003d4                __aeabi_ui2d
                0x00000000080003f4                __floatsidf
                0x00000000080003f4                __aeabi_i2d
                0x0000000008000418                __aeabi_f2d
                0x0000000008000418                __extendsfdf2
                0x000000000800045c                __floatundidf
                0x000000000800045c                __aeabi_ul2d
                0x000000000800046c                __floatdidf
                0x000000000800046c                __aeabi_l2d
 .text          0x00000000080004c8      0x424 C:/ST/STM32CubeIDE_1.14.1/STM32CubeIDE/plugins/com.st.stm32cube.ide.mcu.externaltools.gnu-tools-for-stm32.11.3.rel1.win32_1.1.100.202309141235/tools/bin/../lib/gcc/arm-none-eabi/11.3.1/thumb/v7-m/nofp\libgcc.a(_arm_muldivdf3.o)
                0x00000000080004c8                __aeabi_dmul
                0x00000000080004c8                __muldf3
                0x000000000800071c                __divdf3
                0x000000000800071c                __aeabi_ddiv
 .text          0x00000000080008ec       0x50 C:/ST/STM32CubeIDE_1.14.1/STM32CubeIDE/plugins/com.st.stm32cube.ide.mcu.externaltools.gnu-tools-for-stm32.11.3.rel1.win32_1.1.100.202309141235/tools/bin/../lib/gcc/arm-none-eabi/11.3.1/thumb/v7-m/nofp\libgcc.a(_arm_fixdfsi.o)
                0x00000000080008ec                __aeabi_d2iz
                0x00000000080008ec                __fixdfsi
 *(.text*)
 .text.vApplicationGetIdleTaskMemory
                0x000000000800093c       0x30 ./Core/Src/freertos.o
                0x000000000800093c                vApplicationGetIdleTaskMemory
 .text.main     0x000000000800096c      0x10c ./Core/Src/main.o
                0x000000000800096c                main
 .text.sensorTask
                0x0000000008000a78      0x454 ./Core/Src/main.o
                0x0000000008000a78                sensorTask
 .text.motorTask
                0x0000000008000ecc       0x20 ./Core/Src/main.o
                0x0000000008000ecc                motorTask
 .text.delayuS  0x0000000008000eec       0x50 ./Core/Src/main.o
                0x0000000008000eec                delayuS
 .text.read_echo
                0x0000000008000f3c       0x80 ./Core/Src/main.o
                0x0000000008000f3c                read_echo
 .text.read_echo2
                0x0000000008000fbc       0x80 ./Core/Src/main.o
                0x0000000008000fbc                read_echo2
 .text.NMI_Handler
                0x000000000800103c        0x6 ./Core/Src/stm32f1xx_it.o
                0x000000000800103c                NMI_Handler
 .text.HardFault_Handler
                0x0000000008001042        0x6 ./Core/Src/stm32f1xx_it.o
                0x0000000008001042                HardFault_Handler
 .text.MemManage_Handler
                0x0000000008001048        0x6 ./Core/Src/stm32f1xx_it.o
                0x0000000008001048                MemManage_Handler
 .text.BusFault_Handler
                0x000000000800104e        0x6 ./Core/Src/stm32f1xx_it.o
                0x000000000800104e                BusFault_Handler
 .text.UsageFault_Handler
                0x0000000008001054        0x6 ./Core/Src/stm32f1xx_it.o
                0x0000000008001054                UsageFault_Handler
 .text.DebugMon_Handler
                0x000000000800105a        0xc ./Core/Src/stm32f1xx_it.o
                0x000000000800105a                DebugMon_Handler
 .text.SysTick_Handler
                0x0000000008001066       0x1a ./Core/Src/stm32f1xx_it.o
                0x0000000008001066                SysTick_Handler
 .text.SystemInit
                0x0000000008001080        0xc ./Core/Src/system_stm32f1xx.o
                0x0000000008001080                SystemInit
 .text.Reset_Handler
                0x000000000800108c       0x48 ./Core/Startup/startup_stm32f103c8tx.o
                0x000000000800108c                Reset_Handler
 .text.Default_Handler
                0x00000000080010d4        0x2 ./Core/Startup/startup_stm32f103c8tx.o
                0x00000000080010d4                RTC_Alarm_IRQHandler
                0x00000000080010d4                EXTI2_IRQHandler
                0x00000000080010d4                TIM1_CC_IRQHandler
                0x00000000080010d4                PVD_IRQHandler
                0x00000000080010d4                EXTI3_IRQHandler
                0x00000000080010d4                EXTI0_IRQHandler
                0x00000000080010d4                I2C2_EV_IRQHandler
                0x00000000080010d4                ADC1_2_IRQHandler
                0x00000000080010d4                SPI1_IRQHandler
                0x00000000080010d4                TAMPER_IRQHandler
                0x00000000080010d4                DMA1_Channel4_IRQHandler
                0x00000000080010d4                USART3_IRQHandler
                0x00000000080010d4                RTC_IRQHandler
                0x00000000080010d4                DMA1_Channel7_IRQHandler
                0x00000000080010d4                CAN1_RX1_IRQHandler
                0x00000000080010d4                TIM4_IRQHandler
                0x00000000080010d4                I2C1_EV_IRQHandler
                0x00000000080010d4                DMA1_Channel6_IRQHandler
                0x00000000080010d4                TIM3_IRQHandler
                0x00000000080010d4                RCC_IRQHandler
                0x00000000080010d4                TIM1_TRG_COM_IRQHandler
                0x00000000080010d4                DMA1_Channel1_IRQHandler
                0x00000000080010d4                Default_Handler
                0x00000000080010d4                EXTI15_10_IRQHandler
                0x00000000080010d4                EXTI9_5_IRQHandler
                0x00000000080010d4                SPI2_IRQHandler
                0x00000000080010d4                DMA1_Channel5_IRQHandler
                0x00000000080010d4                EXTI4_IRQHandler
                0x00000000080010d4                USB_LP_CAN1_RX0_IRQHandler
                0x00000000080010d4                USB_HP_CAN1_TX_IRQHandler
                0x00000000080010d4                DMA1_Channel3_IRQHandler
                0x00000000080010d4                TIM1_UP_IRQHandler
                0x00000000080010d4                WWDG_IRQHandler
                0x00000000080010d4                TIM2_IRQHandler
                0x00000000080010d4                TIM1_BRK_IRQHandler
                0x00000000080010d4                EXTI1_IRQHandler
                0x00000000080010d4                USART2_IRQHandler
                0x00000000080010d4                I2C2_ER_IRQHandler
                0x00000000080010d4                DMA1_Channel2_IRQHandler
                0x00000000080010d4                CAN1_SCE_IRQHandler
                0x00000000080010d4                FLASH_IRQHandler
                0x00000000080010d4                USART1_IRQHandler
                0x00000000080010d4                I2C1_ER_IRQHandler
                0x00000000080010d4                USBWakeUp_IRQHandler
 *fill*         0x00000000080010d6        0x2 
 .text.HAL_IncTick
                0x00000000080010d8       0x24 ./Drivers/STM32F1xx_HAL_Driver/Src/stm32f1xx_hal.o
                0x00000000080010d8                HAL_IncTick
 .text.vListInitialise
                0x00000000080010fc       0x3e ./Middlewares/Third_Party/FreeRTOS/Source/list.o
                0x00000000080010fc                vListInitialise
 .text.vListInitialiseItem
                0x000000000800113a       0x18 ./Middlewares/Third_Party/FreeRTOS/Source/list.o
                0x000000000800113a                vListInitialiseItem
 .text.vListInsertEnd
                0x0000000008001152       0x46 ./Middlewares/Third_Party/FreeRTOS/Source/list.o
                0x0000000008001152                vListInsertEnd
 .text.vListInsert
                0x0000000008001198       0x70 ./Middlewares/Third_Party/FreeRTOS/Source/list.o
                0x0000000008001198                vListInsert
 .text.uxListRemove
                0x0000000008001208       0x52 ./Middlewares/Third_Party/FreeRTOS/Source/list.o
                0x0000000008001208                uxListRemove
 .text.xTaskCreateStatic
                0x000000000800125a       0xb8 ./Middlewares/Third_Party/FreeRTOS/Source/tasks.o
                0x000000000800125a                xTaskCreateStatic
 .text.xTaskCreate
                0x0000000008001312       0x8a ./Middlewares/Third_Party/FreeRTOS/Source/tasks.o
                0x0000000008001312                xTaskCreate
 .text.prvInitialiseNewTask
                0x000000000800139c       0xfe ./Middlewares/Third_Party/FreeRTOS/Source/tasks.o
 *fill*         0x000000000800149a        0x2 
 .text.prvAddNewTaskToReadyList
                0x000000000800149c       0xd4 ./Middlewares/Third_Party/FreeRTOS/Source/tasks.o
 .text.vTaskDelay
                0x0000000008001570       0x68 ./Middlewares/Third_Party/FreeRTOS/Source/tasks.o
                0x0000000008001570                vTaskDelay
 .text.vTaskStartScheduler
                0x00000000080015d8       0xc0 ./Middlewares/Third_Party/FreeRTOS/Source/tasks.o
                0x00000000080015d8                vTaskStartScheduler
 .text.vTaskSuspendAll
                0x0000000008001698       0x1c ./Middlewares/Third_Party/FreeRTOS/Source/tasks.o
                0x0000000008001698                vTaskSuspendAll
 .text.xTaskResumeAll
                0x00000000080016b4      0x138 ./Middlewares/Third_Party/FreeRTOS/Source/tasks.o
                0x00000000080016b4                xTaskResumeAll
 .text.xTaskIncrementTick
                0x00000000080017ec      0x17c ./Middlewares/Third_Party/FreeRTOS/Source/tasks.o
                0x00000000080017ec                xTaskIncrementTick
 .text.vTaskSwitchContext
                0x0000000008001968       0xb4 ./Middlewares/Third_Party/FreeRTOS/Source/tasks.o
                0x0000000008001968                vTaskSwitchContext
 .text.prvIdleTask
                0x0000000008001a1c       0x30 ./Middlewares/Third_Party/FreeRTOS/Source/tasks.o
 .text.prvInitialiseTaskLists
                0x0000000008001a4c       0x80 ./Middlewares/Third_Party/FreeRTOS/Source/tasks.o
 .text.prvCheckTasksWaitingTermination
                0x0000000008001acc       0x5c ./Middlewares/Third_Party/FreeRTOS/Source/tasks.o
 .text.prvDeleteTCB
                0x0000000008001b28       0x5e ./Middlewares/Third_Party/FreeRTOS/Source/tasks.o
 *fill*         0x0000000008001b86        0x2 
 .text.prvResetNextTaskUnblockTime
                0x0000000008001b88       0x48 ./Middlewares/Third_Party/FreeRTOS/Source/tasks.o
 .text.xTaskGetSchedulerState
                0x0000000008001bd0       0x3c ./Middlewares/Third_Party/FreeRTOS/Source/tasks.o
                0x0000000008001bd0                xTaskGetSchedulerState
 .text.prvAddCurrentTaskToDelayedList
                0x0000000008001c0c       0xcc ./Middlewares/Third_Party/FreeRTOS/Source/tasks.o
 .text.pxPortInitialiseStack
                0x0000000008001cd8       0x58 ./Middlewares/Third_Party/FreeRTOS/Source/portable/GCC/ARM_CM3/port.o
                0x0000000008001cd8                pxPortInitialiseStack
 .text.prvTaskExitError
                0x0000000008001d30       0x58 ./Middlewares/Third_Party/FreeRTOS/Source/portable/GCC/ARM_CM3/port.o
 *fill*         0x0000000008001d88        0x8 
 .text.SVC_Handler
                0x0000000008001d90       0x28 ./Middlewares/Third_Party/FreeRTOS/Source/portable/GCC/ARM_CM3/port.o
                0x0000000008001d90                SVC_Handler
 .text.prvPortStartFirstTask
                0x0000000008001db8       0x20 ./Middlewares/Third_Party/FreeRTOS/Source/portable/GCC/ARM_CM3/port.o
 .text.xPortStartScheduler
                0x0000000008001dd8       0xe4 ./Middlewares/Third_Party/FreeRTOS/Source/portable/GCC/ARM_CM3/port.o
                0x0000000008001dd8                xPortStartScheduler
 .text.vPortEnterCritical
                0x0000000008001ebc       0x60 ./Middlewares/Third_Party/FreeRTOS/Source/portable/GCC/ARM_CM3/port.o
                0x0000000008001ebc                vPortEnterCritical
 .text.vPortExitCritical
                0x0000000008001f1c       0x50 ./Middlewares/Third_Party/FreeRTOS/Source/portable/GCC/ARM_CM3/port.o
                0x0000000008001f1c                vPortExitCritical
 *fill*         0x0000000008001f6c        0x4 
 .text.PendSV_Handler
                0x0000000008001f70       0x48 ./Middlewares/Third_Party/FreeRTOS/Source/portable/GCC/ARM_CM3/port.o
                0x0000000008001f70                PendSV_Handler
 .text.xPortSysTickHandler
                0x0000000008001fb8       0x44 ./Middlewares/Third_Party/FreeRTOS/Source/portable/GCC/ARM_CM3/port.o
                0x0000000008001fb8                xPortSysTickHandler
 .text.vPortSetupTimerInterrupt
                0x0000000008001ffc       0x44 ./Middlewares/Third_Party/FreeRTOS/Source/portable/GCC/ARM_CM3/port.o
                0x0000000008001ffc                vPortSetupTimerInterrupt
 .text.pvPortMalloc
                0x0000000008002040      0x188 ./Middlewares/Third_Party/FreeRTOS/Source/portable/MemMang/heap_4.o
                0x0000000008002040                pvPortMalloc
 .text.vPortFree
                0x00000000080021c8       0xb4 ./Middlewares/Third_Party/FreeRTOS/Source/portable/MemMang/heap_4.o
                0x00000000080021c8                vPortFree
 .text.prvHeapInit
                0x000000000800227c       0xc4 ./Middlewares/Third_Party/FreeRTOS/Source/portable/MemMang/heap_4.o
 .text.prvInsertBlockIntoFreeList
                0x0000000008002340       0xb0 ./Middlewares/Third_Party/FreeRTOS/Source/portable/MemMang/heap_4.o
 .text.__libc_init_array
                0x00000000080023f0       0x48 C:/ST/STM32CubeIDE_1.14.1/STM32CubeIDE/plugins/com.st.stm32cube.ide.mcu.externaltools.gnu-tools-for-stm32.11.3.rel1.win32_1.1.100.202309141235/tools/bin/../lib/gcc/arm-none-eabi/11.3.1/../../../../arm-none-eabi/lib/thumb/v7-m/nofp\libc_nano.a(libc_a-init.o)
                0x00000000080023f0                __libc_init_array
 *(.glue_7)
 .glue_7        0x0000000008002438        0x0 linker stubs
 *(.glue_7t)
 .glue_7t       0x0000000008002438        0x0 linker stubs
 *(.eh_frame)
 .eh_frame      0x0000000008002438        0x0 C:/ST/STM32CubeIDE_1.14.1/STM32CubeIDE/plugins/com.st.stm32cube.ide.mcu.externaltools.gnu-tools-for-stm32.11.3.rel1.win32_1.1.100.202309141235/tools/bin/../lib/gcc/arm-none-eabi/11.3.1/thumb/v7-m/nofp/crtbegin.o
 *(.init)
 .init          0x0000000008002438        0x4 C:/ST/STM32CubeIDE_1.14.1/STM32CubeIDE/plugins/com.st.stm32cube.ide.mcu.externaltools.gnu-tools-for-stm32.11.3.rel1.win32_1.1.100.202309141235/tools/bin/../lib/gcc/arm-none-eabi/11.3.1/thumb/v7-m/nofp/crti.o
                0x0000000008002438                _init
 .init          0x000000000800243c        0x8 C:/ST/STM32CubeIDE_1.14.1/STM32CubeIDE/plugins/com.st.stm32cube.ide.mcu.externaltools.gnu-tools-for-stm32.11.3.rel1.win32_1.1.100.202309141235/tools/bin/../lib/gcc/arm-none-eabi/11.3.1/thumb/v7-m/nofp/crtn.o
 *(.fini)
 .fini          0x0000000008002444        0x4 C:/ST/STM32CubeIDE_1.14.1/STM32CubeIDE/plugins/com.st.stm32cube.ide.mcu.externaltools.gnu-tools-for-stm32.11.3.rel1.win32_1.1.100.202309141235/tools/bin/../lib/gcc/arm-none-eabi/11.3.1/thumb/v7-m/nofp/crti.o
                0x0000000008002444                _fini
 .fini          0x0000000008002448        0x8 C:/ST/STM32CubeIDE_1.14.1/STM32CubeIDE/plugins/com.st.stm32cube.ide.mcu.externaltools.gnu-tools-for-stm32.11.3.rel1.win32_1.1.100.202309141235/tools/bin/../lib/gcc/arm-none-eabi/11.3.1/thumb/v7-m/nofp/crtn.o
                0x0000000008002450                . = ALIGN (0x4)
                0x0000000008002450                _etext = .

.vfp11_veneer   0x0000000008002450        0x0
 .vfp11_veneer  0x0000000008002450        0x0 linker stubs

.v4_bx          0x0000000008002450        0x0
 .v4_bx         0x0000000008002450        0x0 linker stubs

.iplt           0x0000000008002450        0x0
 .iplt          0x0000000008002450        0x0 C:/ST/STM32CubeIDE_1.14.1/STM32CubeIDE/plugins/com.st.stm32cube.ide.mcu.externaltools.gnu-tools-for-stm32.11.3.rel1.win32_1.1.100.202309141235/tools/bin/../lib/gcc/arm-none-eabi/11.3.1/thumb/v7-m/nofp/crtbegin.o

.rodata         0x0000000008002450       0x20
                0x0000000008002450                . = ALIGN (0x4)
 *(.rodata)
 .rodata        0x0000000008002450       0x16 ./Core/Src/main.o
 *fill*         0x0000000008002466        0x2 
 .rodata        0x0000000008002468        0x5 ./Middlewares/Third_Party/FreeRTOS/Source/tasks.o
 *(.rodata*)
                0x0000000008002470                . = ALIGN (0x4)
 *fill*         0x000000000800246d        0x3 

.rel.dyn        0x0000000008002470        0x0
 .rel.iplt      0x0000000008002470        0x0 C:/ST/STM32CubeIDE_1.14.1/STM32CubeIDE/plugins/com.st.stm32cube.ide.mcu.externaltools.gnu-tools-for-stm32.11.3.rel1.win32_1.1.100.202309141235/tools/bin/../lib/gcc/arm-none-eabi/11.3.1/thumb/v7-m/nofp/crtbegin.o

.ARM.extab      0x0000000008002470        0x0
                0x0000000008002470                . = ALIGN (0x4)
 *(.ARM.extab* .gnu.linkonce.armextab.*)
                0x0000000008002470                . = ALIGN (0x4)

.ARM            0x0000000008002470        0x0
                0x0000000008002470                . = ALIGN (0x4)
                0x0000000008002470                __exidx_start = .
 *(.ARM.exidx*)
                0x0000000008002470                __exidx_end = .
                0x0000000008002470                . = ALIGN (0x4)

.preinit_array  0x0000000008002470        0x0
                0x0000000008002470                . = ALIGN (0x4)
                0x0000000008002470                PROVIDE (__preinit_array_start = .)
 *(.preinit_array*)
                0x0000000008002470                PROVIDE (__preinit_array_end = .)
                0x0000000008002470                . = ALIGN (0x4)

.init_array     0x0000000008002470        0x4
                0x0000000008002470                . = ALIGN (0x4)
                0x0000000008002470                PROVIDE (__init_array_start = .)
 *(SORT_BY_NAME(.init_array.*))
 *(.init_array*)
 .init_array    0x0000000008002470        0x4 C:/ST/STM32CubeIDE_1.14.1/STM32CubeIDE/plugins/com.st.stm32cube.ide.mcu.externaltools.gnu-tools-for-stm32.11.3.rel1.win32_1.1.100.202309141235/tools/bin/../lib/gcc/arm-none-eabi/11.3.1/thumb/v7-m/nofp/crtbegin.o
                0x0000000008002474                PROVIDE (__init_array_end = .)
                0x0000000008002474                . = ALIGN (0x4)

.fini_array     0x0000000008002474        0x4
                0x0000000008002474                . = ALIGN (0x4)
                [!provide]                        PROVIDE (__fini_array_start = .)
 *(SORT_BY_NAME(.fini_array.*))
 *(.fini_array*)
 .fini_array    0x0000000008002474        0x4 C:/ST/STM32CubeIDE_1.14.1/STM32CubeIDE/plugins/com.st.stm32cube.ide.mcu.externaltools.gnu-tools-for-stm32.11.3.rel1.win32_1.1.100.202309141235/tools/bin/../lib/gcc/arm-none-eabi/11.3.1/thumb/v7-m/nofp/crtbegin.o
                [!provide]                        PROVIDE (__fini_array_end = .)
                0x0000000008002478                . = ALIGN (0x4)
                0x0000000008002478                _sidata = LOADADDR (.data)

.data           0x0000000020000000       0x24 load address 0x0000000008002478
                0x0000000020000000                . = ALIGN (0x4)
                0x0000000020000000                _sdata = .
 *(.data)
 *(.data*)
 .data.Kp       0x0000000020000000        0x8 ./Core/Src/main.o
                0x0000000020000000                Kp
 .data.Ki       0x0000000020000008        0x8 ./Core/Src/main.o
                0x0000000020000008                Ki
 .data.Kd       0x0000000020000010        0x8 ./Core/Src/main.o
                0x0000000020000010                Kd
 .data.SystemCoreClock
                0x0000000020000018        0x4 ./Core/Src/system_stm32f1xx.o
                0x0000000020000018                SystemCoreClock
 .data.uwTickFreq
                0x000000002000001c        0x1 ./Drivers/STM32F1xx_HAL_Driver/Src/stm32f1xx_hal.o
                0x000000002000001c                uwTickFreq
 *fill*         0x000000002000001d        0x3 
 .data.uxCriticalNesting
                0x0000000020000020        0x4 ./Middlewares/Third_Party/FreeRTOS/Source/portable/GCC/ARM_CM3/port.o
 *(.RamFunc)
 *(.RamFunc*)
                0x0000000020000024                . = ALIGN (0x4)
                0x0000000020000024                _edata = .

.igot.plt       0x0000000020000024        0x0 load address 0x000000000800249c
 .igot.plt      0x0000000020000024        0x0 C:/ST/STM32CubeIDE_1.14.1/STM32CubeIDE/plugins/com.st.stm32cube.ide.mcu.externaltools.gnu-tools-for-stm32.11.3.rel1.win32_1.1.100.202309141235/tools/bin/../lib/gcc/arm-none-eabi/11.3.1/thumb/v7-m/nofp/crtbegin.o
                0x0000000020000024                . = ALIGN (0x4)

.bss            0x0000000020000028     0x1024 load address 0x000000000800249c
                0x0000000020000028                _sbss = .
                0x0000000020000028                __bss_start__ = _sbss
 *(.bss)
 .bss           0x0000000020000028       0x1c C:/ST/STM32CubeIDE_1.14.1/STM32CubeIDE/plugins/com.st.stm32cube.ide.mcu.externaltools.gnu-tools-for-stm32.11.3.rel1.win32_1.1.100.202309141235/tools/bin/../lib/gcc/arm-none-eabi/11.3.1/thumb/v7-m/nofp/crtbegin.o
 *(.bss*)
 .bss.xIdleTaskTCBBuffer
                0x0000000020000044       0x54 ./Core/Src/freertos.o
 .bss.xIdleStack
                0x0000000020000098      0x200 ./Core/Src/freertos.o
 .bss.duration  0x0000000020000298        0x4 ./Core/Src/main.o
                0x0000000020000298                duration
 .bss.distance  0x000000002000029c        0x4 ./Core/Src/main.o
                0x000000002000029c                distance
 .bss.duration2
                0x00000000200002a0        0x4 ./Core/Src/main.o
                0x00000000200002a0                duration2
 .bss.distance2
                0x00000000200002a4        0x4 ./Core/Src/main.o
                0x00000000200002a4                distance2
 .bss.error     0x00000000200002a8        0x8 ./Core/Src/main.o
                0x00000000200002a8                error
 .bss.setpoint  0x00000000200002b0        0x4 ./Core/Src/main.o
                0x00000000200002b0                setpoint
 .bss.setpoint_prec
                0x00000000200002b4        0x4 ./Core/Src/main.o
                0x00000000200002b4                setpoint_prec
 .bss.y_prec    0x00000000200002b8        0x4 ./Core/Src/main.o
                0x00000000200002b8                y_prec
 .bss.y         0x00000000200002bc        0x4 ./Core/Src/main.o
                0x00000000200002bc                y
 .bss.error_prec
                0x00000000200002c0        0x8 ./Core/Src/main.o
                0x00000000200002c0                error_prec
 .bss.P         0x00000000200002c8        0x8 ./Core/Src/main.o
                0x00000000200002c8                P
 .bss.I         0x00000000200002d0        0x8 ./Core/Src/main.o
                0x00000000200002d0                I
 .bss.D         0x00000000200002d8        0x8 ./Core/Src/main.o
                0x00000000200002d8                D
 .bss.U         0x00000000200002e0        0x4 ./Core/Src/main.o
                0x00000000200002e0                U
 *fill*         0x00000000200002e4        0x4 
 .bss.I_prec    0x00000000200002e8        0x8 ./Core/Src/main.o
                0x00000000200002e8                I_prec
 .bss.D_prec    0x00000000200002f0        0x8 ./Core/Src/main.o
                0x00000000200002f0                D_prec
 .bss.Sat       0x00000000200002f8        0x1 ./Core/Src/main.o
                0x00000000200002f8                Sat
 *fill*         0x00000000200002f9        0x3 
 .bss.uwTick    0x00000000200002fc        0x4 ./Drivers/STM32F1xx_HAL_Driver/Src/stm32f1xx_hal.o
                0x00000000200002fc                uwTick
 .bss.pxCurrentTCB
                0x0000000020000300        0x4 ./Middlewares/Third_Party/FreeRTOS/Source/tasks.o
                0x0000000020000300                pxCurrentTCB
 .bss.pxReadyTasksLists
                0x0000000020000304       0x8c ./Middlewares/Third_Party/FreeRTOS/Source/tasks.o
 .bss.xDelayedTaskList1
                0x0000000020000390       0x14 ./Middlewares/Third_Party/FreeRTOS/Source/tasks.o
 .bss.xDelayedTaskList2
                0x00000000200003a4       0x14 ./Middlewares/Third_Party/FreeRTOS/Source/tasks.o
 .bss.pxDelayedTaskList
                0x00000000200003b8        0x4 ./Middlewares/Third_Party/FreeRTOS/Source/tasks.o
 .bss.pxOverflowDelayedTaskList
                0x00000000200003bc        0x4 ./Middlewares/Third_Party/FreeRTOS/Source/tasks.o
 .bss.xPendingReadyList
                0x00000000200003c0       0x14 ./Middlewares/Third_Party/FreeRTOS/Source/tasks.o
 .bss.xTasksWaitingTermination
                0x00000000200003d4       0x14 ./Middlewares/Third_Party/FreeRTOS/Source/tasks.o
 .bss.uxDeletedTasksWaitingCleanUp
                0x00000000200003e8        0x4 ./Middlewares/Third_Party/FreeRTOS/Source/tasks.o
 .bss.xSuspendedTaskList
                0x00000000200003ec       0x14 ./Middlewares/Third_Party/FreeRTOS/Source/tasks.o
 .bss.uxCurrentNumberOfTasks
                0x0000000020000400        0x4 ./Middlewares/Third_Party/FreeRTOS/Source/tasks.o
 .bss.xTickCount
                0x0000000020000404        0x4 ./Middlewares/Third_Party/FreeRTOS/Source/tasks.o
 .bss.uxTopReadyPriority
                0x0000000020000408        0x4 ./Middlewares/Third_Party/FreeRTOS/Source/tasks.o
 .bss.xSchedulerRunning
                0x000000002000040c        0x4 ./Middlewares/Third_Party/FreeRTOS/Source/tasks.o
 .bss.uxPendedTicks
                0x0000000020000410        0x4 ./Middlewares/Third_Party/FreeRTOS/Source/tasks.o
 .bss.xYieldPending
                0x0000000020000414        0x4 ./Middlewares/Third_Party/FreeRTOS/Source/tasks.o
 .bss.xNumOfOverflows
                0x0000000020000418        0x4 ./Middlewares/Third_Party/FreeRTOS/Source/tasks.o
 .bss.uxTaskNumber
                0x000000002000041c        0x4 ./Middlewares/Third_Party/FreeRTOS/Source/tasks.o
 .bss.xNextTaskUnblockTime
                0x0000000020000420        0x4 ./Middlewares/Third_Party/FreeRTOS/Source/tasks.o
 .bss.xIdleTaskHandle
                0x0000000020000424        0x4 ./Middlewares/Third_Party/FreeRTOS/Source/tasks.o
 .bss.uxSchedulerSuspended
                0x0000000020000428        0x4 ./Middlewares/Third_Party/FreeRTOS/Source/tasks.o
 .bss.ucMaxSysCallPriority
                0x000000002000042c        0x1 ./Middlewares/Third_Party/FreeRTOS/Source/portable/GCC/ARM_CM3/port.o
 *fill*         0x000000002000042d        0x3 
 .bss.ulMaxPRIGROUPValue
                0x0000000020000430        0x4 ./Middlewares/Third_Party/FreeRTOS/Source/portable/GCC/ARM_CM3/port.o
 .bss.ucHeap    0x0000000020000434      0xc00 ./Middlewares/Third_Party/FreeRTOS/Source/portable/MemMang/heap_4.o
 .bss.xStart    0x0000000020001034        0x8 ./Middlewares/Third_Party/FreeRTOS/Source/portable/MemMang/heap_4.o
 .bss.pxEnd     0x000000002000103c        0x4 ./Middlewares/Third_Party/FreeRTOS/Source/portable/MemMang/heap_4.o
 .bss.xFreeBytesRemaining
                0x0000000020001040        0x4 ./Middlewares/Third_Party/FreeRTOS/Source/portable/MemMang/heap_4.o
 .bss.xMinimumEverFreeBytesRemaining
                0x0000000020001044        0x4 ./Middlewares/Third_Party/FreeRTOS/Source/portable/MemMang/heap_4.o
 .bss.xBlockAllocatedBit
                0x0000000020001048        0x4 ./Middlewares/Third_Party/FreeRTOS/Source/portable/MemMang/heap_4.o
 *(COMMON)
                0x000000002000104c                . = ALIGN (0x4)
                0x000000002000104c                _ebss = .
                0x000000002000104c                __bss_end__ = _ebss

._user_heap_stack
                0x000000002000104c      0x604 load address 0x000000000800249c
                0x0000000020001050                . = ALIGN (0x8)
 *fill*         0x000000002000104c        0x4 
                [!provide]                        PROVIDE (end = .)
                0x0000000020001050                PROVIDE (_end = .)
                0x0000000020001250                . = (. + _Min_Heap_Size)
 *fill*         0x0000000020001050      0x200 
                0x0000000020001650                . = (. + _Min_Stack_Size)
 *fill*         0x0000000020001250      0x400 
                0x0000000020001650                . = ALIGN (0x8)

/DISCARD/
 libc.a(*)
 libm.a(*)
 libgcc.a(*)

.ARM.attributes
                0x0000000000000000       0x29
 *(.ARM.attributes)
 .ARM.attributes
                0x0000000000000000       0x1d C:/ST/STM32CubeIDE_1.14.1/STM32CubeIDE/plugins/com.st.stm32cube.ide.mcu.externaltools.gnu-tools-for-stm32.11.3.rel1.win32_1.1.100.202309141235/tools/bin/../lib/gcc/arm-none-eabi/11.3.1/thumb/v7-m/nofp/crti.o
 .ARM.attributes
                0x000000000000001d       0x2d C:/ST/STM32CubeIDE_1.14.1/STM32CubeIDE/plugins/com.st.stm32cube.ide.mcu.externaltools.gnu-tools-for-stm32.11.3.rel1.win32_1.1.100.202309141235/tools/bin/../lib/gcc/arm-none-eabi/11.3.1/thumb/v7-m/nofp/crtbegin.o
 .ARM.attributes
                0x000000000000004a       0x2d ./Core/Src/freertos.o
 .ARM.attributes
                0x0000000000000077       0x2d ./Core/Src/main.o
 .ARM.attributes
                0x00000000000000a4       0x2d ./Core/Src/stm32f1xx_it.o
 .ARM.attributes
                0x00000000000000d1       0x2d ./Core/Src/system_stm32f1xx.o
 .ARM.attributes
                0x00000000000000fe       0x21 ./Core/Startup/startup_stm32f103c8tx.o
 .ARM.attributes
                0x000000000000011f       0x2d ./Drivers/STM32F1xx_HAL_Driver/Src/stm32f1xx_hal.o
 .ARM.attributes
                0x000000000000014c       0x2d ./Middlewares/Third_Party/FreeRTOS/Source/list.o
 .ARM.attributes
                0x0000000000000179       0x2d ./Middlewares/Third_Party/FreeRTOS/Source/tasks.o
 .ARM.attributes
                0x00000000000001a6       0x2d ./Middlewares/Third_Party/FreeRTOS/Source/portable/GCC/ARM_CM3/port.o
 .ARM.attributes
                0x00000000000001d3       0x2d ./Middlewares/Third_Party/FreeRTOS/Source/portable/MemMang/heap_4.o
 .ARM.attributes
                0x0000000000000200       0x2d C:/ST/STM32CubeIDE_1.14.1/STM32CubeIDE/plugins/com.st.stm32cube.ide.mcu.externaltools.gnu-tools-for-stm32.11.3.rel1.win32_1.1.100.202309141235/tools/bin/../lib/gcc/arm-none-eabi/11.3.1/../../../../arm-none-eabi/lib/thumb/v7-m/nofp\libc_nano.a(libc_a-init.o)
 .ARM.attributes
                0x000000000000022d       0x1d C:/ST/STM32CubeIDE_1.14.1/STM32CubeIDE/plugins/com.st.stm32cube.ide.mcu.externaltools.gnu-tools-for-stm32.11.3.rel1.win32_1.1.100.202309141235/tools/bin/../lib/gcc/arm-none-eabi/11.3.1/thumb/v7-m/nofp\libgcc.a(_arm_addsubdf3.o)
 .ARM.attributes
                0x000000000000024a       0x1d C:/ST/STM32CubeIDE_1.14.1/STM32CubeIDE/plugins/com.st.stm32cube.ide.mcu.externaltools.gnu-tools-for-stm32.11.3.rel1.win32_1.1.100.202309141235/tools/bin/../lib/gcc/arm-none-eabi/11.3.1/thumb/v7-m/nofp\libgcc.a(_arm_muldivdf3.o)
 .ARM.attributes
                0x0000000000000267       0x1d C:/ST/STM32CubeIDE_1.14.1/STM32CubeIDE/plugins/com.st.stm32cube.ide.mcu.externaltools.gnu-tools-for-stm32.11.3.rel1.win32_1.1.100.202309141235/tools/bin/../lib/gcc/arm-none-eabi/11.3.1/thumb/v7-m/nofp\libgcc.a(_arm_fixdfsi.o)
 .ARM.attributes
                0x0000000000000284       0x1d C:/ST/STM32CubeIDE_1.14.1/STM32CubeIDE/plugins/com.st.stm32cube.ide.mcu.externaltools.gnu-tools-for-stm32.11.3.rel1.win32_1.1.100.202309141235/tools/bin/../lib/gcc/arm-none-eabi/11.3.1/thumb/v7-m/nofp/crtn.o
OUTPUT(Lab8_validation.elf elf32-littlearm)
LOAD linker stubs
LOAD C:/ST/STM32CubeIDE_1.14.1/STM32CubeIDE/plugins/com.st.stm32cube.ide.mcu.externaltools.gnu-tools-for-stm32.11.3.rel1.win32_1.1.100.202309141235/tools/bin/../lib/gcc/arm-none-eabi/11.3.1/../../../../arm-none-eabi/lib/thumb/v7-m/nofp\libc.a
LOAD C:/ST/STM32CubeIDE_1.14.1/STM32CubeIDE/plugins/com.st.stm32cube.ide.mcu.externaltools.gnu-tools-for-stm32.11.3.rel1.win32_1.1.100.202309141235/tools/bin/../lib/gcc/arm-none-eabi/11.3.1/../../../../arm-none-eabi/lib/thumb/v7-m/nofp\libm.a
LOAD C:/ST/STM32CubeIDE_1.14.1/STM32CubeIDE/plugins/com.st.stm32cube.ide.mcu.externaltools.gnu-tools-for-stm32.11.3.rel1.win32_1.1.100.202309141235/tools/bin/../lib/gcc/arm-none-eabi/11.3.1/thumb/v7-m/nofp\libgcc.a

.comment        0x0000000000000000       0x43
 .comment       0x0000000000000000       0x43 C:/ST/STM32CubeIDE_1.14.1/STM32CubeIDE/plugins/com.st.stm32cube.ide.mcu.externaltools.gnu-tools-for-stm32.11.3.rel1.win32_1.1.100.202309141235/tools/bin/../lib/gcc/arm-none-eabi/11.3.1/thumb/v7-m/nofp/crtbegin.o
                                         0x44 (size before relaxing)
 .comment       0x0000000000000043       0x44 ./Core/Src/freertos.o
 .comment       0x0000000000000043       0x44 ./Core/Src/main.o
 .comment       0x0000000000000043       0x44 ./Core/Src/stm32f1xx_it.o
 .comment       0x0000000000000043       0x44 ./Core/Src/system_stm32f1xx.o
 .comment       0x0000000000000043       0x44 ./Drivers/STM32F1xx_HAL_Driver/Src/stm32f1xx_hal.o
 .comment       0x0000000000000043       0x44 ./Middlewares/Third_Party/FreeRTOS/Source/list.o
 .comment       0x0000000000000043       0x44 ./Middlewares/Third_Party/FreeRTOS/Source/tasks.o
 .comment       0x0000000000000043       0x44 ./Middlewares/Third_Party/FreeRTOS/Source/portable/GCC/ARM_CM3/port.o
 .comment       0x0000000000000043       0x44 ./Middlewares/Third_Party/FreeRTOS/Source/portable/MemMang/heap_4.o

.debug_info     0x0000000000000000     0x398b
 .debug_info    0x0000000000000000      0x279 ./Core/Src/freertos.o
 .debug_info    0x0000000000000279      0x5ef ./Core/Src/main.o
 .debug_info    0x0000000000000868      0x11b ./Core/Src/stm32f1xx_it.o
 .debug_info    0x0000000000000983      0x222 ./Core/Src/system_stm32f1xx.o
 .debug_info    0x0000000000000ba5       0x23 ./Core/Startup/startup_stm32f103c8tx.o
 .debug_info    0x0000000000000bc8      0x704 ./Drivers/STM32F1xx_HAL_Driver/Src/stm32f1xx_hal.o
 .debug_info    0x00000000000012cc      0x2aa ./Middlewares/Third_Party/FreeRTOS/Source/list.o
 .debug_info    0x0000000000001576     0x1bbe ./Middlewares/Third_Party/FreeRTOS/Source/tasks.o
 .debug_info    0x0000000000003134      0x494 ./Middlewares/Third_Party/FreeRTOS/Source/portable/GCC/ARM_CM3/port.o
 .debug_info    0x00000000000035c8      0x3c3 ./Middlewares/Third_Party/FreeRTOS/Source/portable/MemMang/heap_4.o

.debug_abbrev   0x0000000000000000      0xf41
 .debug_abbrev  0x0000000000000000       0xd2 ./Core/Src/freertos.o
 .debug_abbrev  0x00000000000000d2      0x1c9 ./Core/Src/main.o
 .debug_abbrev  0x000000000000029b       0xaa ./Core/Src/stm32f1xx_it.o
 .debug_abbrev  0x0000000000000345      0x13f ./Core/Src/system_stm32f1xx.o
 .debug_abbrev  0x0000000000000484       0x12 ./Core/Startup/startup_stm32f103c8tx.o
 .debug_abbrev  0x0000000000000496      0x201 ./Drivers/STM32F1xx_HAL_Driver/Src/stm32f1xx_hal.o
 .debug_abbrev  0x0000000000000697       0xf5 ./Middlewares/Third_Party/FreeRTOS/Source/list.o
 .debug_abbrev  0x000000000000078c      0x358 ./Middlewares/Third_Party/FreeRTOS/Source/tasks.o
 .debug_abbrev  0x0000000000000ae4      0x258 ./Middlewares/Third_Party/FreeRTOS/Source/portable/GCC/ARM_CM3/port.o
 .debug_abbrev  0x0000000000000d3c      0x205 ./Middlewares/Third_Party/FreeRTOS/Source/portable/MemMang/heap_4.o

.debug_aranges  0x0000000000000000      0x4a0
 .debug_aranges
                0x0000000000000000       0x20 ./Core/Src/freertos.o
 .debug_aranges
                0x0000000000000020       0x50 ./Core/Src/main.o
 .debug_aranges
                0x0000000000000070       0x50 ./Core/Src/stm32f1xx_it.o
 .debug_aranges
                0x00000000000000c0       0x28 ./Core/Src/system_stm32f1xx.o
 .debug_aranges
                0x00000000000000e8       0x28 ./Core/Startup/startup_stm32f103c8tx.o
 .debug_aranges
                0x0000000000000110       0xe0 ./Drivers/STM32F1xx_HAL_Driver/Src/stm32f1xx_hal.o
 .debug_aranges
                0x00000000000001f0       0x40 ./Middlewares/Third_Party/FreeRTOS/Source/list.o
 .debug_aranges
                0x0000000000000230      0x1a8 ./Middlewares/Third_Party/FreeRTOS/Source/tasks.o
 .debug_aranges
                0x00000000000003d8       0x78 ./Middlewares/Third_Party/FreeRTOS/Source/portable/GCC/ARM_CM3/port.o
 .debug_aranges
                0x0000000000000450       0x50 ./Middlewares/Third_Party/FreeRTOS/Source/portable/MemMang/heap_4.o

.debug_rnglists
                0x0000000000000000      0x36a
 .debug_rnglists
                0x0000000000000000       0x13 ./Core/Src/freertos.o
 .debug_rnglists
                0x0000000000000013       0x3b ./Core/Src/main.o
 .debug_rnglists
                0x000000000000004e       0x37 ./Core/Src/stm32f1xx_it.o
 .debug_rnglists
                0x0000000000000085       0x1a ./Core/Src/system_stm32f1xx.o
 .debug_rnglists
                0x000000000000009f       0x19 ./Core/Startup/startup_stm32f103c8tx.o
 .debug_rnglists
                0x00000000000000b8       0xa3 ./Drivers/STM32F1xx_HAL_Driver/Src/stm32f1xx_hal.o
 .debug_rnglists
                0x000000000000015b       0x2b ./Middlewares/Third_Party/FreeRTOS/Source/list.o
 .debug_rnglists
                0x0000000000000186      0x153 ./Middlewares/Third_Party/FreeRTOS/Source/tasks.o
 .debug_rnglists
                0x00000000000002d9       0x56 ./Middlewares/Third_Party/FreeRTOS/Source/portable/GCC/ARM_CM3/port.o
 .debug_rnglists
                0x000000000000032f       0x3b ./Middlewares/Third_Party/FreeRTOS/Source/portable/MemMang/heap_4.o

.debug_macro    0x0000000000000000    0x1676a
 .debug_macro   0x0000000000000000      0x1f6 ./Core/Src/freertos.o
 .debug_macro   0x00000000000001f6      0xa9c ./Core/Src/freertos.o
 .debug_macro   0x0000000000000c92      0x174 ./Core/Src/freertos.o
 .debug_macro   0x0000000000000e06       0x22 ./Core/Src/freertos.o
 .debug_macro   0x0000000000000e28       0x8e ./Core/Src/freertos.o
 .debug_macro   0x0000000000000eb6       0x51 ./Core/Src/freertos.o
 .debug_macro   0x0000000000000f07      0x103 ./Core/Src/freertos.o
 .debug_macro   0x000000000000100a       0x6a ./Core/Src/freertos.o
 .debug_macro   0x0000000000001074      0x1df ./Core/Src/freertos.o
 .debug_macro   0x0000000000001253       0xd0 ./Core/Src/freertos.o
 .debug_macro   0x0000000000001323      0x15a ./Core/Src/freertos.o
 .debug_macro   0x000000000000147d       0xd7 ./Core/Src/freertos.o
 .debug_macro   0x0000000000001554       0x10 ./Core/Src/freertos.o
 .debug_macro   0x0000000000001564       0x1f ./Core/Src/freertos.o
 .debug_macro   0x0000000000001583      0x4b7 ./Core/Src/freertos.o
 .debug_macro   0x0000000000001a3a       0xb5 ./Core/Src/freertos.o
 .debug_macro   0x0000000000001aef       0x8c ./Core/Src/freertos.o
 .debug_macro   0x0000000000001b7b      0x209 ./Core/Src/freertos.o
 .debug_macro   0x0000000000001d84       0x2e ./Core/Src/freertos.o
 .debug_macro   0x0000000000001db2       0x22 ./Core/Src/freertos.o
 .debug_macro   0x0000000000001dd4       0x1c ./Core/Src/freertos.o
 .debug_macro   0x0000000000001df0       0x22 ./Core/Src/freertos.o
 .debug_macro   0x0000000000001e12       0xbd ./Core/Src/freertos.o
 .debug_macro   0x0000000000001ecf      0xd23 ./Core/Src/freertos.o
 .debug_macro   0x0000000000002bf2     0xe09e ./Core/Src/freertos.o
 .debug_macro   0x0000000000010c90       0x6d ./Core/Src/freertos.o
 .debug_macro   0x0000000000010cfd     0x348d ./Core/Src/freertos.o
 .debug_macro   0x000000000001418a       0x5c ./Core/Src/freertos.o
 .debug_macro   0x00000000000141e6      0x5bc ./Core/Src/freertos.o
 .debug_macro   0x00000000000147a2      0x289 ./Core/Src/freertos.o
 .debug_macro   0x0000000000014a2b      0x1cb ./Core/Src/freertos.o
 .debug_macro   0x0000000000014bf6      0x114 ./Core/Src/freertos.o
 .debug_macro   0x0000000000014d0a      0x1b2 ./Core/Src/freertos.o
 .debug_macro   0x0000000000014ebc       0x27 ./Core/Src/freertos.o
 .debug_macro   0x0000000000014ee3      0x136 ./Core/Src/freertos.o
 .debug_macro   0x0000000000015019      0x1bc ./Core/Src/freertos.o
 .debug_macro   0x00000000000151d5       0x34 ./Core/Src/freertos.o
 .debug_macro   0x0000000000015209       0x3c ./Core/Src/freertos.o
 .debug_macro   0x0000000000015245       0x57 ./Core/Src/freertos.o
 .debug_macro   0x000000000001529c       0x87 ./Core/Src/freertos.o
 .debug_macro   0x0000000000015323      0x240 ./Core/Src/freertos.o
 .debug_macro   0x0000000000015563      0x140 ./Core/Src/freertos.o
 .debug_macro   0x00000000000156a3       0x83 ./Core/Src/freertos.o
 .debug_macro   0x0000000000015726      0x175 ./Core/Src/main.o
 .debug_macro   0x000000000001589b       0xd0 ./Core/Src/main.o
 .debug_macro   0x000000000001596b       0x91 ./Core/Src/main.o
 .debug_macro   0x00000000000159fc       0x8d ./Core/Src/main.o
 .debug_macro   0x0000000000015a89       0x7e ./Core/Src/main.o
 .debug_macro   0x0000000000015b07      0x200 ./Core/Src/stm32f1xx_it.o
 .debug_macro   0x0000000000015d07      0x184 ./Core/Src/system_stm32f1xx.o
 .debug_macro   0x0000000000015e8b      0x1a8 ./Drivers/STM32F1xx_HAL_Driver/Src/stm32f1xx_hal.o
 .debug_macro   0x0000000000016033      0x187 ./Middlewares/Third_Party/FreeRTOS/Source/list.o
 .debug_macro   0x00000000000161ba      0x280 ./Middlewares/Third_Party/FreeRTOS/Source/tasks.o
 .debug_macro   0x000000000001643a       0x10 ./Middlewares/Third_Party/FreeRTOS/Source/tasks.o
 .debug_macro   0x000000000001644a      0x172 ./Middlewares/Third_Party/FreeRTOS/Source/portable/GCC/ARM_CM3/port.o
 .debug_macro   0x00000000000165bc      0x1ae ./Middlewares/Third_Party/FreeRTOS/Source/portable/MemMang/heap_4.o

.debug_line     0x0000000000000000     0x5bfa
 .debug_line    0x0000000000000000      0x7b9 ./Core/Src/freertos.o
 .debug_line    0x00000000000007b9      0x8ac ./Core/Src/main.o
 .debug_line    0x0000000000001065      0x863 ./Core/Src/stm32f1xx_it.o
 .debug_line    0x00000000000018c8      0x73a ./Core/Src/system_stm32f1xx.o
 .debug_line    0x0000000000002002       0x78 ./Core/Startup/startup_stm32f103c8tx.o
 .debug_line    0x000000000000207a      0x967 ./Drivers/STM32F1xx_HAL_Driver/Src/stm32f1xx_hal.o
 .debug_line    0x00000000000029e1      0x795 ./Middlewares/Third_Party/FreeRTOS/Source/list.o
 .debug_line    0x0000000000003176     0x1957 ./Middlewares/Third_Party/FreeRTOS/Source/tasks.o
 .debug_line    0x0000000000004acd      0x7d6 ./Middlewares/Third_Party/FreeRTOS/Source/portable/GCC/ARM_CM3/port.o
 .debug_line    0x00000000000052a3      0x957 ./Middlewares/Third_Party/FreeRTOS/Source/portable/MemMang/heap_4.o

.debug_str      0x0000000000000000    0x854cc
 .debug_str     0x0000000000000000    0x7e387 ./Core/Src/freertos.o
                                      0x7e6f3 (size before relaxing)
 .debug_str     0x000000000007e387     0x19b0 ./Core/Src/main.o
                                      0x595af (size before relaxing)
 .debug_str     0x000000000007fd37       0xd9 ./Core/Src/stm32f1xx_it.o
                                      0x7e654 (size before relaxing)
 .debug_str     0x000000000007fe10       0x7e ./Core/Src/system_stm32f1xx.o
                                      0x7ac84 (size before relaxing)
 .debug_str     0x000000000007fe8e       0x34 ./Core/Startup/startup_stm32f103c8tx.o
                                         0x78 (size before relaxing)
 .debug_str     0x000000000007fec2      0x665 ./Drivers/STM32F1xx_HAL_Driver/Src/stm32f1xx_hal.o
                                      0x7b3b7 (size before relaxing)
 .debug_str     0x0000000000080527     0x32e0 ./Middlewares/Third_Party/FreeRTOS/Source/list.o
                                       0xa705 (size before relaxing)
 .debug_str     0x0000000000083807     0x1414 ./Middlewares/Third_Party/FreeRTOS/Source/tasks.o
                                       0xc9f7 (size before relaxing)
 .debug_str     0x0000000000084c1b      0x66e ./Middlewares/Third_Party/FreeRTOS/Source/portable/GCC/ARM_CM3/port.o
                                       0x817e (size before relaxing)
 .debug_str     0x0000000000085289      0x243 ./Middlewares/Third_Party/FreeRTOS/Source/portable/MemMang/heap_4.o
                                       0xae52 (size before relaxing)

.debug_frame    0x0000000000000000     0x1188
 .debug_frame   0x0000000000000000       0x38 ./Core/Src/freertos.o
 .debug_frame   0x0000000000000038      0x108 ./Core/Src/main.o
 .debug_frame   0x0000000000000140       0xc4 ./Core/Src/stm32f1xx_it.o
 .debug_frame   0x0000000000000204       0x58 ./Core/Src/system_stm32f1xx.o
 .debug_frame   0x000000000000025c      0x334 ./Drivers/STM32F1xx_HAL_Driver/Src/stm32f1xx_hal.o
 .debug_frame   0x0000000000000590       0xd8 ./Middlewares/Third_Party/FreeRTOS/Source/list.o
 .debug_frame   0x0000000000000668      0x734 ./Middlewares/Third_Party/FreeRTOS/Source/tasks.o
 .debug_frame   0x0000000000000d9c      0x198 ./Middlewares/Third_Party/FreeRTOS/Source/portable/GCC/ARM_CM3/port.o
 .debug_frame   0x0000000000000f34      0x108 ./Middlewares/Third_Party/FreeRTOS/Source/portable/MemMang/heap_4.o
 .debug_frame   0x000000000000103c       0x2c C:/ST/STM32CubeIDE_1.14.1/STM32CubeIDE/plugins/com.st.stm32cube.ide.mcu.externaltools.gnu-tools-for-stm32.11.3.rel1.win32_1.1.100.202309141235/tools/bin/../lib/gcc/arm-none-eabi/11.3.1/../../../../arm-none-eabi/lib/thumb/v7-m/nofp\libc_nano.a(libc_a-init.o)
 .debug_frame   0x0000000000001068       0xac C:/ST/STM32CubeIDE_1.14.1/STM32CubeIDE/plugins/com.st.stm32cube.ide.mcu.externaltools.gnu-tools-for-stm32.11.3.rel1.win32_1.1.100.202309141235/tools/bin/../lib/gcc/arm-none-eabi/11.3.1/thumb/v7-m/nofp\libgcc.a(_arm_addsubdf3.o)
 .debug_frame   0x0000000000001114       0x50 C:/ST/STM32CubeIDE_1.14.1/STM32CubeIDE/plugins/com.st.stm32cube.ide.mcu.externaltools.gnu-tools-for-stm32.11.3.rel1.win32_1.1.100.202309141235/tools/bin/../lib/gcc/arm-none-eabi/11.3.1/thumb/v7-m/nofp\libgcc.a(_arm_muldivdf3.o)
 .debug_frame   0x0000000000001164       0x24 C:/ST/STM32CubeIDE_1.14.1/STM32CubeIDE/plugins/com.st.stm32cube.ide.mcu.externaltools.gnu-tools-for-stm32.11.3.rel1.win32_1.1.100.202309141235/tools/bin/../lib/gcc/arm-none-eabi/11.3.1/thumb/v7-m/nofp\libgcc.a(_arm_fixdfsi.o)

.debug_line_str
                0x0000000000000000       0x6c
 .debug_line_str
                0x0000000000000000       0x6c ./Core/Startup/startup_stm32f103c8tx.o
                                         0x84 (size before relaxing)
